// Jest Snapshot v1, https://goo.gl/fbAQLP

exports[`Storyshots Button Emoji 1`] = `
<button
  onClick={[Function]}
  style={
    Object {
      "backgroundColor": "#FFFFFF",
      "border": "1px solid #eee",
      "borderRadius": 3,
      "cursor": "pointer",
      "fontSize": 15,
      "margin": 10,
      "padding": "3px 10px",
    }
  }
  type="button"
>
  <span
    aria-label="so cool"
    role="img"
  >
    üòÄ üòé üëç üíØ
  </span>
</button>
`;

exports[`Storyshots Button Number Button 1`] = `
<button
  className="default"
  onClick={[Function]}
>
  12334
</button>
`;

exports[`Storyshots Button Number Button With Knob 1`] = `
<button
  className="default"
  onClick={[Function]}
>
  123
</button>
`;

exports[`Storyshots Button Text 1`] = `
<button
  onClick={[Function]}
  style={
    Object {
      "backgroundColor": "#FFFFFF",
      "border": "1px solid #eee",
      "borderRadius": 3,
      "cursor": "pointer",
      "fontSize": 15,
      "margin": 10,
      "padding": "3px 10px",
    }
  }
  type="button"
>
  Hello Button
</button>
`;

exports[`Storyshots Button Text Button 1 1`] = `
<button
  className="default"
  onClick={[Function]}
>
  Hello Button
</button>
`;

exports[`Storyshots Button Text Button With Action 1`] = `
<button
  className="default"
  onClick={[Function]}
>
  I am Button
</button>
`;

exports[`Storyshots Button Text Button With Knob 1`] = `
<button
  className="default"
  onClick={[Function]}
>
  Hello Storybook
</button>
`;

exports[`Storyshots Redux/Task Archived 1`] = `
<div
  className="list-item TASK_ARCHIVED"
>
  <label
    className="checkbox"
  >
    <input
      checked={true}
      disabled={true}
      name="checked"
      type="checkbox"
    />
    <span
      className="checkbox-custom"
      onClick={[Function]}
    />
  </label>
  <div
    className="title"
  >
    <input
      placeholder="Input title"
      readOnly={true}
      type="text"
      value="Test Task"
    />
  </div>
  <div
    className="actions"
    onClick={[Function]}
  />
</div>
`;

exports[`Storyshots Redux/Task Default 1`] = `
<div
  className="list-item TASK_INBOX"
>
  <label
    className="checkbox"
  >
    <input
      checked={false}
      disabled={true}
      name="checked"
      type="checkbox"
    />
    <span
      className="checkbox-custom"
      onClick={[Function]}
    />
  </label>
  <div
    className="title"
  >
    <input
      placeholder="Input title"
      readOnly={true}
      type="text"
      value="Test Task"
    />
  </div>
  <div
    className="actions"
    onClick={[Function]}
  >
    <a
      onClick={[Function]}
    >
      <span
        className="icon-star"
      />
    </a>
  </div>
</div>
`;

exports[`Storyshots Redux/Task Pinned 1`] = `
<div
  className="list-item TASK_PINNED"
>
  <label
    className="checkbox"
  >
    <input
      checked={false}
      disabled={true}
      name="checked"
      type="checkbox"
    />
    <span
      className="checkbox-custom"
      onClick={[Function]}
    />
  </label>
  <div
    className="title"
  >
    <input
      placeholder="Input title"
      readOnly={true}
      type="text"
      value="Test Task"
    />
  </div>
  <div
    className="actions"
    onClick={[Function]}
  >
    <a
      onClick={[Function]}
    >
      <span
        className="icon-star"
      />
    </a>
  </div>
</div>
`;

exports[`Storyshots Task Archived 1`] = `
<div
  className="list-item TASK_ARCHIVED"
>
  <label
    className="checkbox"
  >
    <input
      checked={true}
      disabled={true}
      name="checked"
      type="checkbox"
    />
    <span
      className="checkbox-custom"
      onClick={[Function]}
    />
  </label>
  <div
    className="title"
  >
    <input
      placeholder="Input title"
      readOnly={true}
      type="text"
      value="Test Task"
    />
  </div>
  <div
    className="actions"
    onClick={[Function]}
  />
</div>
`;

exports[`Storyshots Task Default 1`] = `
<div
  className="list-item TASK_INBOX"
>
  <label
    className="checkbox"
  >
    <input
      checked={false}
      disabled={true}
      name="checked"
      type="checkbox"
    />
    <span
      className="checkbox-custom"
      onClick={[Function]}
    />
  </label>
  <div
    className="title"
  >
    <input
      placeholder="Input title"
      readOnly={true}
      type="text"
      value="Test Task"
    />
  </div>
  <div
    className="actions"
    onClick={[Function]}
  >
    <a
      onClick={[Function]}
    >
      <span
        className="icon-star"
      />
    </a>
  </div>
</div>
`;

exports[`Storyshots Task Pinned 1`] = `
<div
  className="list-item TASK_PINNED"
>
  <label
    className="checkbox"
  >
    <input
      checked={false}
      disabled={true}
      name="checked"
      type="checkbox"
    />
    <span
      className="checkbox-custom"
      onClick={[Function]}
    />
  </label>
  <div
    className="title"
  >
    <input
      placeholder="Input title"
      readOnly={true}
      type="text"
      value="Test Task"
    />
  </div>
  <div
    className="actions"
    onClick={[Function]}
  >
    <a
      onClick={[Function]}
    >
      <span
        className="icon-star"
      />
    </a>
  </div>
</div>
`;

exports[`Storyshots TaskList Default 1`] = `
<div
  style={
    Object {
      "padding": "3rem",
    }
  }
>
  <div
    className="list-items"
  >
    <div
      className="list-item TASK_INBOX"
    >
      <label
        className="checkbox"
      >
        <input
          checked={false}
          disabled={true}
          name="checked"
          type="checkbox"
        />
        <span
          className="checkbox-custom"
          onClick={[Function]}
        />
      </label>
      <div
        className="title"
      >
        <input
          placeholder="Input title"
          readOnly={true}
          type="text"
          value="Task 1"
        />
      </div>
      <div
        className="actions"
        onClick={[Function]}
      >
        <a
          onClick={[Function]}
        >
          <span
            className="icon-star"
          />
        </a>
      </div>
    </div>
    <div
      className="list-item TASK_INBOX"
    >
      <label
        className="checkbox"
      >
        <input
          checked={false}
          disabled={true}
          name="checked"
          type="checkbox"
        />
        <span
          className="checkbox-custom"
          onClick={[Function]}
        />
      </label>
      <div
        className="title"
      >
        <input
          placeholder="Input title"
          readOnly={true}
          type="text"
          value="Task 2"
        />
      </div>
      <div
        className="actions"
        onClick={[Function]}
      >
        <a
          onClick={[Function]}
        >
          <span
            className="icon-star"
          />
        </a>
      </div>
    </div>
    <div
      className="list-item TASK_INBOX"
    >
      <label
        className="checkbox"
      >
        <input
          checked={false}
          disabled={true}
          name="checked"
          type="checkbox"
        />
        <span
          className="checkbox-custom"
          onClick={[Function]}
        />
      </label>
      <div
        className="title"
      >
        <input
          placeholder="Input title"
          readOnly={true}
          type="text"
          value="Task 3"
        />
      </div>
      <div
        className="actions"
        onClick={[Function]}
      >
        <a
          onClick={[Function]}
        >
          <span
            className="icon-star"
          />
        </a>
      </div>
    </div>
    <div
      className="list-item TASK_INBOX"
    >
      <label
        className="checkbox"
      >
        <input
          checked={false}
          disabled={true}
          name="checked"
          type="checkbox"
        />
        <span
          className="checkbox-custom"
          onClick={[Function]}
        />
      </label>
      <div
        className="title"
      >
        <input
          placeholder="Input title"
          readOnly={true}
          type="text"
          value="Task 4"
        />
      </div>
      <div
        className="actions"
        onClick={[Function]}
      >
        <a
          onClick={[Function]}
        >
          <span
            className="icon-star"
          />
        </a>
      </div>
    </div>
    <div
      className="list-item TASK_INBOX"
    >
      <label
        className="checkbox"
      >
        <input
          checked={false}
          disabled={true}
          name="checked"
          type="checkbox"
        />
        <span
          className="checkbox-custom"
          onClick={[Function]}
        />
      </label>
      <div
        className="title"
      >
        <input
          placeholder="Input title"
          readOnly={true}
          type="text"
          value="Task 5"
        />
      </div>
      <div
        className="actions"
        onClick={[Function]}
      >
        <a
          onClick={[Function]}
        >
          <span
            className="icon-star"
          />
        </a>
      </div>
    </div>
    <div
      className="list-item TASK_INBOX"
    >
      <label
        className="checkbox"
      >
        <input
          checked={false}
          disabled={true}
          name="checked"
          type="checkbox"
        />
        <span
          className="checkbox-custom"
          onClick={[Function]}
        />
      </label>
      <div
        className="title"
      >
        <input
          placeholder="Input title"
          readOnly={true}
          type="text"
          value="Task 6"
        />
      </div>
      <div
        className="actions"
        onClick={[Function]}
      >
        <a
          onClick={[Function]}
        >
          <span
            className="icon-star"
          />
        </a>
      </div>
    </div>
  </div>
</div>
`;

exports[`Storyshots TaskList Empty 1`] = `
<div
  style={
    Object {
      "padding": "3rem",
    }
  }
>
  <div
    className="list-items"
  >
    empty
  </div>
</div>
`;

exports[`Storyshots TaskList Loading 1`] = `
<div
  style={
    Object {
      "padding": "3rem",
    }
  }
>
  <div
    className="list-items"
  >
    loading
  </div>
</div>
`;

exports[`Storyshots TaskList With Pinned Tasks 1`] = `
<div
  style={
    Object {
      "padding": "3rem",
    }
  }
>
  <div
    className="list-items"
  >
    <div
      className="list-item TASK_INBOX"
    >
      <label
        className="checkbox"
      >
        <input
          checked={false}
          disabled={true}
          name="checked"
          type="checkbox"
        />
        <span
          className="checkbox-custom"
          onClick={[Function]}
        />
      </label>
      <div
        className="title"
      >
        <input
          placeholder="Input title"
          readOnly={true}
          type="text"
          value="Task 1"
        />
      </div>
      <div
        className="actions"
        onClick={[Function]}
      >
        <a
          onClick={[Function]}
        >
          <span
            className="icon-star"
          />
        </a>
      </div>
    </div>
    <div
      className="list-item TASK_INBOX"
    >
      <label
        className="checkbox"
      >
        <input
          checked={false}
          disabled={true}
          name="checked"
          type="checkbox"
        />
        <span
          className="checkbox-custom"
          onClick={[Function]}
        />
      </label>
      <div
        className="title"
      >
        <input
          placeholder="Input title"
          readOnly={true}
          type="text"
          value="Task 2"
        />
      </div>
      <div
        className="actions"
        onClick={[Function]}
      >
        <a
          onClick={[Function]}
        >
          <span
            className="icon-star"
          />
        </a>
      </div>
    </div>
    <div
      className="list-item TASK_INBOX"
    >
      <label
        className="checkbox"
      >
        <input
          checked={false}
          disabled={true}
          name="checked"
          type="checkbox"
        />
        <span
          className="checkbox-custom"
          onClick={[Function]}
        />
      </label>
      <div
        className="title"
      >
        <input
          placeholder="Input title"
          readOnly={true}
          type="text"
          value="Task 3"
        />
      </div>
      <div
        className="actions"
        onClick={[Function]}
      >
        <a
          onClick={[Function]}
        >
          <span
            className="icon-star"
          />
        </a>
      </div>
    </div>
    <div
      className="list-item TASK_INBOX"
    >
      <label
        className="checkbox"
      >
        <input
          checked={false}
          disabled={true}
          name="checked"
          type="checkbox"
        />
        <span
          className="checkbox-custom"
          onClick={[Function]}
        />
      </label>
      <div
        className="title"
      >
        <input
          placeholder="Input title"
          readOnly={true}
          type="text"
          value="Task 4"
        />
      </div>
      <div
        className="actions"
        onClick={[Function]}
      >
        <a
          onClick={[Function]}
        >
          <span
            className="icon-star"
          />
        </a>
      </div>
    </div>
    <div
      className="list-item TASK_INBOX"
    >
      <label
        className="checkbox"
      >
        <input
          checked={false}
          disabled={true}
          name="checked"
          type="checkbox"
        />
        <span
          className="checkbox-custom"
          onClick={[Function]}
        />
      </label>
      <div
        className="title"
      >
        <input
          placeholder="Input title"
          readOnly={true}
          type="text"
          value="Task 5"
        />
      </div>
      <div
        className="actions"
        onClick={[Function]}
      >
        <a
          onClick={[Function]}
        >
          <span
            className="icon-star"
          />
        </a>
      </div>
    </div>
    <div
      className="list-item TASK_PINNED"
    >
      <label
        className="checkbox"
      >
        <input
          checked={false}
          disabled={true}
          name="checked"
          type="checkbox"
        />
        <span
          className="checkbox-custom"
          onClick={[Function]}
        />
      </label>
      <div
        className="title"
      >
        <input
          placeholder="Input title"
          readOnly={true}
          type="text"
          value="Task 6 (pinned)"
        />
      </div>
      <div
        className="actions"
        onClick={[Function]}
      >
        <a
          onClick={[Function]}
        >
          <span
            className="icon-star"
          />
        </a>
      </div>
    </div>
  </div>
</div>
`;

exports[`Storyshots Welcome to Storybook 1`] = `
<article
  style={
    Object {
      "backgroundColor": "#fff",
      "color": "#000",
      "fontFamily": "\\"Helvetica Neue\\", Helvetica, \\"Segoe UI\\", Arial, freesans, sans-serif",
      "lineHeight": 1.4,
      "padding": 15,
    }
  }
>
  <h1>
    Welcome to storybook
  </h1>
  <p>
    This is a UI component dev environment for your app.
  </p>
  <p>
    We've added some basic stories inside the 
    <code
      style={
        Object {
          "backgroundColor": "#f3f2f2",
          "border": "1px solid #eae9e9",
          "borderRadius": 4,
          "color": "#3a3a3a",
          "fontSize": 15,
          "fontWeight": 600,
          "padding": "2px 5px",
        }
      }
    >
      src/stories
    </code>
     directory.
    <br />
    A story is a single state of one or more UI components. You can have as many stories as you want.
    <br />
    (Basically a story is like a visual test case.)
  </p>
  <p>
    See these sample 
    <button
      onClick={[Function]}
      style={
        Object {
          "backgroundColor": "transparent",
          "borderBottom": "1px solid #1474f3",
          "borderLeft": "none",
          "borderRight": "none",
          "borderTop": "none",
          "color": "#1474f3",
          "cursor": "pointer",
          "font": "inherit",
          "padding": 0,
          "paddingBottom": 2,
          "textDecoration": "none",
        }
      }
      type="button"
    >
      stories
    </button>
     for a component called¬†
    <code
      style={
        Object {
          "backgroundColor": "#f3f2f2",
          "border": "1px solid #eae9e9",
          "borderRadius": 4,
          "color": "#3a3a3a",
          "fontSize": 15,
          "fontWeight": 600,
          "padding": "2px 5px",
        }
      }
    >
      Button
    </code>
    .
  </p>
  <p>
    Just like that, you can add your own components as stories.
    <br />
    You can also edit those components and see changes right away.
    <br />
    (Try editing the 
    <code
      style={
        Object {
          "backgroundColor": "#f3f2f2",
          "border": "1px solid #eae9e9",
          "borderRadius": 4,
          "color": "#3a3a3a",
          "fontSize": 15,
          "fontWeight": 600,
          "padding": "2px 5px",
        }
      }
    >
      Button
    </code>
     stories located at¬†
    <code
      style={
        Object {
          "backgroundColor": "#f3f2f2",
          "border": "1px solid #eae9e9",
          "borderRadius": 4,
          "color": "#3a3a3a",
          "fontSize": 15,
          "fontWeight": 600,
          "padding": "2px 5px",
        }
      }
    >
      src/stories/1-Button.stories.js
    </code>
    .)
  </p>
  <p>
    Usually we create stories with smaller UI components in the app.
    <br />
    Have a look at the¬†
    <a
      href="https://storybook.js.org/basics/writing-stories"
      rel="noopener noreferrer"
      style={
        Object {
          "borderBottom": "1px solid #1474f3",
          "color": "#1474f3",
          "paddingBottom": 2,
          "textDecoration": "none",
        }
      }
      target="_blank"
    >
      Writing Stories
    </a>
    ¬†section in our documentation.
  </p>
  <p
    style={
      Object {
        "opacity": 0.5,
      }
    }
  >
    <b>
      NOTE:
    </b>
    <br />
    Have a look at the 
    <code
      style={
        Object {
          "backgroundColor": "#f3f2f2",
          "border": "1px solid #eae9e9",
          "borderRadius": 4,
          "color": "#3a3a3a",
          "fontSize": 15,
          "fontWeight": 600,
          "padding": "2px 5px",
        }
      }
    >
      .storybook/webpack.config.js
    </code>
     to add webpack loaders and plugins you are using in this project.
  </p>
</article>
`;

exports[`Storyshots redux/Task Task Custom 1`] = `
<div
  className="list-item TASK_ARCHIVED"
>
  <label
    className="checkbox"
  >
    <input
      checked={true}
      disabled={true}
      name="checked"
      type="checkbox"
    />
    <span
      className="checkbox-custom"
      onClick={[Function]}
    />
  </label>
  <div
    className="title"
  >
    <input
      placeholder="Input title"
      readOnly={true}
      type="text"
      value="Test Task"
    />
  </div>
  <div
    className="actions"
    onClick={[Function]}
  />
</div>
`;

exports[`Storyshots redux/TaskList Default 1`] = `
<div
  style={
    Object {
      "padding": "3rem",
    }
  }
>
  <div
    className="list-items"
  >
    <div
      className="list-item TASK_INBOX"
    >
      <label
        className="checkbox"
      >
        <input
          checked={false}
          disabled={true}
          name="checked"
          type="checkbox"
        />
        <span
          className="checkbox-custom"
          onClick={[Function]}
        />
      </label>
      <div
        className="title"
      >
        <input
          placeholder="Input title"
          readOnly={true}
          type="text"
          value="Task 1"
        />
      </div>
      <div
        className="actions"
        onClick={[Function]}
      >
        <a
          onClick={[Function]}
        >
          <span
            className="icon-star"
          />
        </a>
      </div>
    </div>
    <div
      className="list-item TASK_INBOX"
    >
      <label
        className="checkbox"
      >
        <input
          checked={false}
          disabled={true}
          name="checked"
          type="checkbox"
        />
        <span
          className="checkbox-custom"
          onClick={[Function]}
        />
      </label>
      <div
        className="title"
      >
        <input
          placeholder="Input title"
          readOnly={true}
          type="text"
          value="Task 2"
        />
      </div>
      <div
        className="actions"
        onClick={[Function]}
      >
        <a
          onClick={[Function]}
        >
          <span
            className="icon-star"
          />
        </a>
      </div>
    </div>
    <div
      className="list-item TASK_INBOX"
    >
      <label
        className="checkbox"
      >
        <input
          checked={false}
          disabled={true}
          name="checked"
          type="checkbox"
        />
        <span
          className="checkbox-custom"
          onClick={[Function]}
        />
      </label>
      <div
        className="title"
      >
        <input
          placeholder="Input title"
          readOnly={true}
          type="text"
          value="Task 3"
        />
      </div>
      <div
        className="actions"
        onClick={[Function]}
      >
        <a
          onClick={[Function]}
        >
          <span
            className="icon-star"
          />
        </a>
      </div>
    </div>
    <div
      className="list-item TASK_INBOX"
    >
      <label
        className="checkbox"
      >
        <input
          checked={false}
          disabled={true}
          name="checked"
          type="checkbox"
        />
        <span
          className="checkbox-custom"
          onClick={[Function]}
        />
      </label>
      <div
        className="title"
      >
        <input
          placeholder="Input title"
          readOnly={true}
          type="text"
          value="Task 4"
        />
      </div>
      <div
        className="actions"
        onClick={[Function]}
      >
        <a
          onClick={[Function]}
        >
          <span
            className="icon-star"
          />
        </a>
      </div>
    </div>
    <div
      className="list-item TASK_INBOX"
    >
      <label
        className="checkbox"
      >
        <input
          checked={false}
          disabled={true}
          name="checked"
          type="checkbox"
        />
        <span
          className="checkbox-custom"
          onClick={[Function]}
        />
      </label>
      <div
        className="title"
      >
        <input
          placeholder="Input title"
          readOnly={true}
          type="text"
          value="Task 5"
        />
      </div>
      <div
        className="actions"
        onClick={[Function]}
      >
        <a
          onClick={[Function]}
        >
          <span
            className="icon-star"
          />
        </a>
      </div>
    </div>
    <div
      className="list-item TASK_INBOX"
    >
      <label
        className="checkbox"
      >
        <input
          checked={false}
          disabled={true}
          name="checked"
          type="checkbox"
        />
        <span
          className="checkbox-custom"
          onClick={[Function]}
        />
      </label>
      <div
        className="title"
      >
        <input
          placeholder="Input title"
          readOnly={true}
          type="text"
          value="Task 6"
        />
      </div>
      <div
        className="actions"
        onClick={[Function]}
      >
        <a
          onClick={[Function]}
        >
          <span
            className="icon-star"
          />
        </a>
      </div>
    </div>
  </div>
</div>
`;

exports[`Storyshots redux/TaskList Empty 1`] = `
<div
  style={
    Object {
      "padding": "3rem",
    }
  }
>
  <div
    className="list-items"
  >
    empty
  </div>
</div>
`;

exports[`Storyshots redux/TaskList Loading 1`] = `
<div
  style={
    Object {
      "padding": "3rem",
    }
  }
>
  <div
    className="list-items"
  >
    loading
  </div>
</div>
`;

exports[`Storyshots redux/TaskList Task List Pinned 1`] = `
<div
  className="list-items"
>
  <div
    className="list-item TASK_INBOX"
  >
    <label
      className="checkbox"
    >
      <input
        checked={false}
        disabled={true}
        name="checked"
        type="checkbox"
      />
      <span
        className="checkbox-custom"
        onClick={[Function]}
      />
    </label>
    <div
      className="title"
    >
      <input
        placeholder="Input title"
        readOnly={true}
        type="text"
        value="Task 1"
      />
    </div>
    <div
      className="actions"
      onClick={[Function]}
    >
      <a
        onClick={[Function]}
      >
        <span
          className="icon-star"
        />
      </a>
    </div>
  </div>
  <div
    className="list-item TASK_INBOX"
  >
    <label
      className="checkbox"
    >
      <input
        checked={false}
        disabled={true}
        name="checked"
        type="checkbox"
      />
      <span
        className="checkbox-custom"
        onClick={[Function]}
      />
    </label>
    <div
      className="title"
    >
      <input
        placeholder="Input title"
        readOnly={true}
        type="text"
        value="Task 2"
      />
    </div>
    <div
      className="actions"
      onClick={[Function]}
    >
      <a
        onClick={[Function]}
      >
        <span
          className="icon-star"
        />
      </a>
    </div>
  </div>
  <div
    className="list-item TASK_INBOX"
  >
    <label
      className="checkbox"
    >
      <input
        checked={false}
        disabled={true}
        name="checked"
        type="checkbox"
      />
      <span
        className="checkbox-custom"
        onClick={[Function]}
      />
    </label>
    <div
      className="title"
    >
      <input
        placeholder="Input title"
        readOnly={true}
        type="text"
        value="Task 3"
      />
    </div>
    <div
      className="actions"
      onClick={[Function]}
    >
      <a
        onClick={[Function]}
      >
        <span
          className="icon-star"
        />
      </a>
    </div>
  </div>
  <div
    className="list-item TASK_INBOX"
  >
    <label
      className="checkbox"
    >
      <input
        checked={false}
        disabled={true}
        name="checked"
        type="checkbox"
      />
      <span
        className="checkbox-custom"
        onClick={[Function]}
      />
    </label>
    <div
      className="title"
    >
      <input
        placeholder="Input title"
        readOnly={true}
        type="text"
        value="Task 4"
      />
    </div>
    <div
      className="actions"
      onClick={[Function]}
    >
      <a
        onClick={[Function]}
      >
        <span
          className="icon-star"
        />
      </a>
    </div>
  </div>
  <div
    className="list-item TASK_INBOX"
  >
    <label
      className="checkbox"
    >
      <input
        checked={false}
        disabled={true}
        name="checked"
        type="checkbox"
      />
      <span
        className="checkbox-custom"
        onClick={[Function]}
      />
    </label>
    <div
      className="title"
    >
      <input
        placeholder="Input title"
        readOnly={true}
        type="text"
        value="Task 5"
      />
    </div>
    <div
      className="actions"
      onClick={[Function]}
    >
      <a
        onClick={[Function]}
      >
        <span
          className="icon-star"
        />
      </a>
    </div>
  </div>
  <div
    className="list-item TASK_PINNED"
  >
    <label
      className="checkbox"
    >
      <input
        checked={false}
        disabled={true}
        name="checked"
        type="checkbox"
      />
      <span
        className="checkbox-custom"
        onClick={[Function]}
      />
    </label>
    <div
      className="title"
    >
      <input
        placeholder="Input title"
        readOnly={true}
        type="text"
        value="Task 6 (pinned)"
      />
    </div>
    <div
      className="actions"
      onClick={[Function]}
    >
      <a
        onClick={[Function]}
      >
        <span
          className="icon-star"
        />
      </a>
    </div>
  </div>
</div>
`;

exports[`Storyshots redux/TaskList With Pinned Tasks 1`] = `
<div
  style={
    Object {
      "padding": "3rem",
    }
  }
>
  <div
    className="list-items"
  >
    <div
      className="list-item TASK_INBOX"
    >
      <label
        className="checkbox"
      >
        <input
          checked={false}
          disabled={true}
          name="checked"
          type="checkbox"
        />
        <span
          className="checkbox-custom"
          onClick={[Function]}
        />
      </label>
      <div
        className="title"
      >
        <input
          placeholder="Input title"
          readOnly={true}
          type="text"
          value="Task 1"
        />
      </div>
      <div
        className="actions"
        onClick={[Function]}
      >
        <a
          onClick={[Function]}
        >
          <span
            className="icon-star"
          />
        </a>
      </div>
    </div>
    <div
      className="list-item TASK_INBOX"
    >
      <label
        className="checkbox"
      >
        <input
          checked={false}
          disabled={true}
          name="checked"
          type="checkbox"
        />
        <span
          className="checkbox-custom"
          onClick={[Function]}
        />
      </label>
      <div
        className="title"
      >
        <input
          placeholder="Input title"
          readOnly={true}
          type="text"
          value="Task 2"
        />
      </div>
      <div
        className="actions"
        onClick={[Function]}
      >
        <a
          onClick={[Function]}
        >
          <span
            className="icon-star"
          />
        </a>
      </div>
    </div>
    <div
      className="list-item TASK_INBOX"
    >
      <label
        className="checkbox"
      >
        <input
          checked={false}
          disabled={true}
          name="checked"
          type="checkbox"
        />
        <span
          className="checkbox-custom"
          onClick={[Function]}
        />
      </label>
      <div
        className="title"
      >
        <input
          placeholder="Input title"
          readOnly={true}
          type="text"
          value="Task 3"
        />
      </div>
      <div
        className="actions"
        onClick={[Function]}
      >
        <a
          onClick={[Function]}
        >
          <span
            className="icon-star"
          />
        </a>
      </div>
    </div>
    <div
      className="list-item TASK_INBOX"
    >
      <label
        className="checkbox"
      >
        <input
          checked={false}
          disabled={true}
          name="checked"
          type="checkbox"
        />
        <span
          className="checkbox-custom"
          onClick={[Function]}
        />
      </label>
      <div
        className="title"
      >
        <input
          placeholder="Input title"
          readOnly={true}
          type="text"
          value="Task 4"
        />
      </div>
      <div
        className="actions"
        onClick={[Function]}
      >
        <a
          onClick={[Function]}
        >
          <span
            className="icon-star"
          />
        </a>
      </div>
    </div>
    <div
      className="list-item TASK_INBOX"
    >
      <label
        className="checkbox"
      >
        <input
          checked={false}
          disabled={true}
          name="checked"
          type="checkbox"
        />
        <span
          className="checkbox-custom"
          onClick={[Function]}
        />
      </label>
      <div
        className="title"
      >
        <input
          placeholder="Input title"
          readOnly={true}
          type="text"
          value="Task 5"
        />
      </div>
      <div
        className="actions"
        onClick={[Function]}
      >
        <a
          onClick={[Function]}
        >
          <span
            className="icon-star"
          />
        </a>
      </div>
    </div>
    <div
      className="list-item TASK_PINNED"
    >
      <label
        className="checkbox"
      >
        <input
          checked={false}
          disabled={true}
          name="checked"
          type="checkbox"
        />
        <span
          className="checkbox-custom"
          onClick={[Function]}
        />
      </label>
      <div
        className="title"
      >
        <input
          placeholder="Input title"
          readOnly={true}
          type="text"
          value="Task 6 (pinned)"
        />
      </div>
      <div
        className="actions"
        onClick={[Function]}
      >
        <a
          onClick={[Function]}
        >
          <span
            className="icon-star"
          />
        </a>
      </div>
    </div>
  </div>
</div>
`;
